[0m                                                                                                        [22;37m|     |                                       
[0m                                                                                                 [22;38;5;195m[[1;32m^[22;38;5;195m][22;37m---[22;38;5;195m[[1;32m^[22;38;5;195m]   [22;38;5;169m[[1;32mh[22;38;5;169m][22;37m---[22;38;5;169m[[1;32mh[22;38;5;169m][22;37m---[22;38;5;169m[[1;32mh[22;38;5;169m]                          
[0m                                                                                                              [22;37m|           |                           
[0m                                                                                                              [22;37m|           |                           
[0m                                                                                                 [22;38;5;195m[[1;32m^[22;38;5;195m][22;37m---[22;38;5;195m[[1;32m^[22;38;5;195m]   [[1;32m^[22;38;5;195m]         [22;38;5;169m[[1;32mh[22;38;5;169m]                          
[0m                                                                                                        [22;37m|     |           |                           
[0m                                                                                                        [22;37m|     |           |                           
[0m                                                                                                       [22;38;5;51m[[1;32m"[22;38;5;51m][22;37m---[22;38;5;195m[[1;32m^[22;38;5;195m]         [22;38;5;169m[[1;32mh[22;38;5;169m]                          
[0m                                                                                                        [22;37m|                                             
[0m                                                                                                        [22;37m|                                             
[0m                                                                                                       [22;38;5;51m[[1;32m"[22;38;5;51m]                                            
[0m                                                                                                        [22;37m|                                             
[0m                                                                                                        [22;37m|                                             
[0m                                                                                                       [22;38;5;169m[[1;32mh[22;38;5;169m]                                            
[0m                                                                                                        [22;37m|                                             
[0m                                                                                                        [22;37m|                                             
[0m                                                                         [22;38;5;195m[[22;35m|[22;38;5;195m][22;37m---[22;38;5;195m[[1;32m^[22;38;5;195m]                     [22;38;5;169m[[1;32mh[22;38;5;169m]                           [22;38;5;195m[[1;32m^[22;38;5;195m][22;37m---[22;38;5;195m[[1;32m^[22;38;5;195m]        
[0m                                                                          [22;37m|     |                       |                             |     |         
[0m                                                                          [22;37m|     |                       |                             |     |         
[0m                                                                   [22;38;5;195m[[1;32m^[22;38;5;195m][22;37m---[22;38;5;195m[[1;32m^[22;38;5;195m][22;37m---[22;38;5;195m[[1;32m^[22;38;5;195m]                     [22;38;5;169m[[1;32mh[22;38;5;169m][22;37m---[22;38;5;169m[[1;32mh[22;38;5;169m][22;37m---[22;38;5;169m[[1;32mh[22;38;5;169m]         [22;38;5;195m[[1;32m^[22;38;5;195m][22;37m---[22;38;5;195m[[1;32m^[22;38;5;195m][22;37m---[22;38;5;195m[[1;32m^[22;38;5;195m]        
[0m                                                                    [22;37m|     |     |                                   |           |     |               
[0m                                                                    [22;37m|     |     |                                   |           |     |               
[0m                                                                   [22;38;5;195m[[1;32m^[22;38;5;195m][22;37m---[22;38;5;195m[[1;32m^[22;38;5;195m][22;37m---[22;38;5;195m[[1;32m^[22;38;5;195m]                                 [[1;32m^[22;38;5;195m]         [[1;32m^[22;38;5;195m][22;37m---[22;38;5;195m[[1;32m^[22;38;5;195m][22;37m---[22;38;5;195m[[1;32m^[22;38;5;195m][22;37m---[22;38;5;195m[[1;32m^[22;38;5;195m][22;37m--
[0m                                                                    [22;37m|     |     |                                   |                 |     |         
[0m                                                                    [22;37m|     |     |                                   |                 |     |         
[0m                                                                   [22;38;5;195m[[1;32m^[22;38;5;195m][22;37m---[22;38;5;195m[[1;32m^[22;38;5;195m][22;37m---[22;38;5;195m[[1;32m^[22;38;5;195m][22;37m---[22;38;5;195m[[1;32m^[22;38;5;195m]   [[1;32m^[22;38;5;195m]               [22;38;5;169m[[1;32mh[22;38;5;169m][22;37m---[22;38;5;169m[[1;32mh[22;38;5;169m]               [22;38;5;195m[[1;32m^[22;38;5;195m]   [[1;32m^[22;38;5;195m]        
[0m                                                                    [22;37m|     |           |     |                 |                       |     |         
[0m                                                                    [22;37m|     |           |     |                 |                       |     |         
[0m                                                       [22;38;5;51m[[1;32m"[22;38;5;51m][22;37m---[22;38;5;231m[[1;32m-[22;38;5;231m][22;37m---[22;38;5;195m[[1;32m^[22;38;5;195m][22;37m---[22;38;5;195m[[1;32m^[22;38;5;195m]         [[1;32m^[22;38;5;195m]   [[1;32m^[22;38;5;195m][22;37m---[22;38;5;51m[[1;32m"[22;38;5;51m]   [22;38;5;169m[[1;32mh[22;38;5;169m][22;37m---[22;38;5;169m[[1;32mh[22;38;5;169m][22;37m---[22;38;5;195m[[1;32m^[22;38;5;195m]   [22;38;5;169m[[1;32mh[22;38;5;169m][22;37m---[22;38;5;195m[[1;32m^[22;38;5;195m][22;37m---[22;38;5;195m[[1;32m^[22;38;5;195m]   [[1;32m^[22;38;5;195m][22;37m---[22;38;5;195m[[1;32m^[22;38;5;195m][22;37m--
[0m                                                                          [22;37m|           |     |     |     |                 |           |     |         
[0m                                                                          [22;37m|           |     |     |     |                 |           |     |         
[0m                                                       [22;38;5;231m[[1;32m-[22;38;5;231m][22;37m---[22;38;5;231m[[1;32m-[22;38;5;231m]         [22;38;5;195m[[1;32m^[22;38;5;195m][22;37m---[22;38;5;195m[[1;32m^[22;38;5;195m][22;37m---[22;38;5;195m[[1;32m^[22;38;5;195m]   [[1;32m^[22;38;5;195m]   [22;38;5;169m[[1;32mh[22;38;5;169m][22;37m---[22;38;5;195m[[1;32m^[22;38;5;195m][22;37m---[22;38;5;195m[[1;32m^[22;38;5;195m]         [22;38;5;169m[[1;32mh[22;38;5;169m]   [[1;32mh[22;38;5;169m][22;37m---[22;38;5;195m[[1;32m^[22;38;5;195m][22;37m---[22;38;5;195m[[1;32m^[22;38;5;195m]        
[0m                                                        [22;37m|    -                  |     |     |     |           |           |                 |         
